     1                                  section .data   
     2 00000000 48656C6C6F20576F72-         msg1 db     "Hello World",10,0
     2 00000009 6C640A00           
     3                                      msgLen1 equ  $-msg1-1
     4 0000000D 456E74657220746865-         msg2 db     "Enter the text: ",0
     4 00000016 20746578743A2000   
     5                                      msgLen2 equ  $-msg2-1
     6 0000001E 596F757220496E7075-         msg3 db     "Your Input: ",0
     6 00000027 743A2000           
     7                                      msgLen3 equ  $-msg3-1
     8                                      inputLen equ 10
     9                                  
    10                                  section .bss
    11 00000000 <res Bh>                    input resb  inputLen+1
    12                                      terminator
    12          ******************       warning: label alone on a line without a colon might be in error [-w+label-orphan]
    13                                  section .text
    14                                      global main
    15                                  main:   
    16 00000000 55                          push rbp
    17 00000001 4889E5                      mov rbp,    rsp
    18                                  
    19 00000004 48BE-                       mov rsi,    msg1
    19 00000006 [0000000000000000] 
    20 0000000E BA0C000000                  mov rdx,    msgLen1
    21 00000013 E852000000                  call prints
    22                                  
    23 00000018 48BE-                       mov rsi,    msg2
    23 0000001A [0D00000000000000] 
    24 00000022 BA10000000                  mov rdx,    msgLen2
    25 00000027 E83E000000                  call prints
    26 0000002C 48BE-                       mov rsi,    input
    26 0000002E [0000000000000000] 
    27 00000036 BA0A000000                  mov rdx,    inputLen
    28 0000003B E83C000000                  call reads
    29                                  
    30 00000040 48BE-                       mov rsi,    msg3
    30 00000042 [1E00000000000000] 
    31 0000004A BA0C000000                  mov rdx,    msgLen3
    32 0000004F E816000000                  call prints
    33 00000054 48BE-                       mov rsi,    input
    33 00000056 [0000000000000000] 
    34 0000005E BA0A000000                  mov rdx,    inputLen
    35 00000063 E802000000                  call prints
    36 00000068 C9                          leave
    37 00000069 C3                          ret
    38                                      
    39                                  prints: 
    40 0000006A 55                          push rbp
    41 0000006B 4889E5                      mov rbp,    rsp
    42                                      
    43 0000006E B801000000                  mov rax,    1
    44 00000073 BF01000000                  mov rdi,    1
    45 00000078 0F05                        syscall
    46 0000007A C9                          leave
    47 0000007B C3                          ret
    48                                       
    49                                  reads:
    50 0000007C 55                          push rbp
    51 0000007D 4889E5                      mov rbp,    rsp
    52                                      
    53 00000080 B800000000                  mov rax,    0
    54 00000085 BF00000000                  mov rdi,    0
    55 0000008A 0F05                        syscall 
    56 0000008C C9                          leave
    57 0000008D C3                          ret
    58                                      
    59                                      
    60                                      
