     1                                  section .data
     2 00000000 7B                          bNum db 123
     3 00000001 3B300000                    dNum dd 12347
     4 00000005 7B00                        wNum dw 123
     5 00000007 2408EDDF02000000            qNum1 dq 12346787876
     6 0000000F 3674560000000000            qNum2 dq 5665846
     7 00000017 1F85EB51B81E0940            qNum3 dq 3.14
     8                                  	
     9                                  section .bss 
    10                                  section .text	
    11                                      global main
    12                                  main:
    13 00000000 55                          push rbp 
    14 00000001 4889E5                      mov rbp, rsp
    15 00000004 48C7C0FFFFFFFF              mov rax, -1     ; fill rax with 1s
    16 0000000B 8A0425[00000000]            mov al, byte[bNum]  ;does not clear the upper bytes of the rax
    17 00000012 4831C0                      xor rax, rax
    18 00000015 8A0425[00000000]            mov al, byte[bNum] ;now rax has the correct data
    19 0000001C 48C7C0FFFFFFFF              mov rax, -1
    20 00000023 668B0425[05000000]          mov ax, word[wNum]
    21 0000002B 4831C0                      xor rax, rax
    22 0000002E 668B0425[05000000]          mov ax, word[wNum]
    23 00000036 48C7C0FFFFFFFF              mov rax, -1
    24 0000003D 488B0425[07000000]          mov rax, qword[qNum1] ;does clears the Upper bytes of the rax
    25 00000045 48890425[0F000000]          mov qword[qNum2], rax ;one operand is always a register
    26 0000004D B840E20100                  mov rax, 123456 ; source register and the immediate value
    27 00000052 F20F100425-                 movsd xmm0, [qNum3] ; instruction for the floating point
    27 00000057 [17000000]         
    28                                      
    29 0000005B 4889EC                      mov rsp, rbp
    30 0000005E 5D                          pop rbp
    31                                      
    32 0000005F C3                          ret
    33                                      
    34                                      
